[m.cloudcat.ai/home.html]
[backblue.gif]
[fade.gif]
[index.html]
[m.cloudcat.ai/favicon.ico]
[m.cloudcat.ai/manifest.json]
[connect.facebook.net/en_US/fbevents.js]
[analytics.tiktok.com/i18n/pixel/events.js]
[external.html]
[sc-static.net/scevent.min.js]
[m.cloudcat.ai/css/chunk-1e5539ad.6c5185cb.css]
[m.cloudcat.ai/css/chunk-65abd6e3.60a4960c.css]
[m.cloudcat.ai/css/chunk-69a21dea.f29931a9.css]
[m.cloudcat.ai/js/chunk-1e5539ad.production.1645521154838.js]
[m.cloudcat.ai/js/chunk-65abd6e3.production.1645521154838.js]
[m.cloudcat.ai/js/chunk-69a21dea.production.1645521154838.js]
[m.cloudcat.ai/css/app.8aadc730.css]
[m.cloudcat.ai/css/chunk-vendors.a5ca4cb5.css]
[m.cloudcat.ai/js/app.production.1645521154838.js]
[m.cloudcat.ai/js/chunk-vendors.production.1645521154838.js]
[m.cloudcat.ai/img/icons/favicon-32x32.html]
[m.cloudcat.ai/img/icons/apple-touch-icon-152x152.png]
[m.cloudcat.ai/img/icons/favicon-16x16.html]
[m.cloudcat.ai/img/icons/safari-pinned-tab.svg]
[cloudcat.ai/Background/coc1.jpg]
[cloudcat.ai/Background/BrawlStars.jpg]
[cloudcat.ai/Background/hszz1.jpg]
[cloudcat.ai/Background/HayDay.jpg]
[cloudcat.ai/Background/Boom+beach.jpg]
[m.cloudcat.ai/home.html]
[m.cloudcat.ai/c.html]
[m.cloudcat.ai/b.html]
[connect.facebook.net/en_US/fbevents.js]
[m.cloudcat.ai/css/chunk-1e5539ad.6c5185cb.css]
[m.cloudcat.ai/img/banner-a.6a58a37e.png]
[m.cloudcat.ai/POST.html]
[m.cloudcat.ai/img/banner-b.9cf07637.png]
[m.cloudcat.ai/img/section-1.3d5989ff.png]
[m.cloudcat.ai/img/popup-bg.1f940754.jpg]
[m.cloudcat.ai/css/chunk-65abd6e3.60a4960c.css]
[m.cloudcat.ai/css/chunk-69a21dea.f29931a9.css]
[m.cloudcat.ai/img/phone-frame.c72dbce5.png]
[m.cloudcat.ai/fonts/Poppins-Thin.21792aea.otf]
[m.cloudcat.ai/fonts/Poppins-ExtraLight.4918ffef.otf]
[m.cloudcat.ai/fonts/Poppins-Light.02c5a7af.otf]
[m.cloudcat.ai/fonts/Poppins-Regular.de2dd933.otf]
[m.cloudcat.ai/fonts/Poppins-SemiBold.b0b3d360.otf]
[m.cloudcat.ai/fonts/Poppins-Bold.e47421f9.otf]
[m.cloudcat.ai/fonts/Poppins-ExtraBold.162a9aeb.otf]
[m.cloudcat.ai/fonts/Poppins-Black.d5c1d5b2.otf]
[m.cloudcat.ai/fonts/Roboto-Regular.f36638c2.ttf]
[m.cloudcat.ai/fonts/Roboto-Italic.465d1aff.ttf]
[m.cloudcat.ai/fonts/Roboto-Bold.9ece5b48.ttf]
[m.cloudcat.ai/fonts/Roboto-BoldItalic.0be9fa8f.ttf]
[m.cloudcat.ai/fonts/Roboto-Thin.4f0b85f5.ttf]
[m.cloudcat.ai/fonts/Roboto-ThinItalic.7384da64.ttf]
[m.cloudcat.ai/fonts/SairaSemiCondensed-Medium.57c5c090.ttf]
[m.cloudcat.ai/fonts/Supercell-magic-webfont.041095d7.ttf]
[m.cloudcat.ai/css/app.8aadc730.css]
[m.cloudcat.ai/css/chunk-vendors.a5ca4cb5.css]
[m.cloudcat.ai/img/icons/favicon-32x32.html]
[m.cloudcat.ai/img/icons/favicon-16x16.html]
[m.cloudcat.ai/img/icons/safari-pinned-tab.svg]
[m.cloudcat.ai/c.html]
[m.cloudcat.ai/b.html]
[m.cloudcat.ai/POST.html]
